C:\Users\DAVM\Desktop\Castores\inventario\src\main\java\com\castores\inventario\config\SecurityConfig.java
C:\Users\DAVM\Desktop\Castores\inventario\src\main\java\com\castores\inventario\controller\HomeController.java
C:\Users\DAVM\Desktop\Castores\inventario\src\main\java\com\castores\inventario\controller\LoginController.java
C:\Users\DAVM\Desktop\Castores\inventario\src\main\java\com\castores\inventario\controller\MovimientoController.java
C:\Users\DAVM\Desktop\Castores\inventario\src\main\java\com\castores\inventario\controller\ProductoController.java
C:\Users\DAVM\Desktop\Castores\inventario\src\main\java\com\castores\inventario\controller\UsuarioController.java
C:\Users\DAVM\Desktop\Castores\inventario\src\main\java\com\castores\inventario\genera\HashGenerator.java
C:\Users\DAVM\Desktop\Castores\inventario\src\main\java\com\castores\inventario\InventarioApplication.java
C:\Users\DAVM\Desktop\Castores\inventario\src\main\java\com\castores\inventario\model\Movimiento.java
C:\Users\DAVM\Desktop\Castores\inventario\src\main\java\com\castores\inventario\model\Producto.java
C:\Users\DAVM\Desktop\Castores\inventario\src\main\java\com\castores\inventario\model\Rol.java
C:\Users\DAVM\Desktop\Castores\inventario\src\main\java\com\castores\inventario\model\Usuario.java
C:\Users\DAVM\Desktop\Castores\inventario\src\main\java\com\castores\inventario\repository\MovimientoRepository.java
C:\Users\DAVM\Desktop\Castores\inventario\src\main\java\com\castores\inventario\repository\ProductoRepository.java
C:\Users\DAVM\Desktop\Castores\inventario\src\main\java\com\castores\inventario\repository\RolRepository.java
C:\Users\DAVM\Desktop\Castores\inventario\src\main\java\com\castores\inventario\repository\UsuarioRepository.java
C:\Users\DAVM\Desktop\Castores\inventario\src\main\java\com\castores\inventario\service\MovimientoService.java
C:\Users\DAVM\Desktop\Castores\inventario\src\main\java\com\castores\inventario\service\ProductoService.java
C:\Users\DAVM\Desktop\Castores\inventario\src\main\java\com\castores\inventario\service\UserDetailsServiceImpl.java
C:\Users\DAVM\Desktop\Castores\inventario\src\main\java\com\castores\inventario\service\UsuarioService.java
C:\Users\DAVM\Desktop\Castores\inventario\src\main\java\com\castores\inventario\util\PasswordUtil.java
